The ``my_list`` module
======================

Using ``my_list``
-------------------

First import ``my_list`` from the ``1-my_list`` module:

   >>> print_sorted = __import__('1-my_list').MyList.print_sorted

Now use it:

>>> print_sorted([1, 2, 3, 4, 5])
[1, 2, 3, 4, 5]

>>> print_sorted([98, 12, 43, 100, 5])
[5, 12, 43, 98, 100]

>>> print_sorted([36.4, 12.3, 56.4])
[12.3, 36.4, 56.4]

>>> print_sorted([1, 2, 3, 4, 5])
[1, 2, 3, 4, 5]

>>> print_sorted([-87, -42, -55])
[-87, -55, -42]

>>> print_sorted([5])
[5]

>>> print_sorted()
Traceback (most recent call last):
TypeError: print_sorted() missing 1 required positional argument: 'self'

>>> print_sorted(["t", "test", "This is a test"])
['This is a test', 't', 'test']

>>> print_sorted({'cow': 'moo', 'horse': 'nah'})
['cow', 'horse']

>>> print_sorted(['yes', 4, 'no', 89.3])
Traceback (most recent call last):
TypeError: unorderable types: int() < str()
