>>> BaseGeometry = __import__('7-base_geometry').BaseGeometry
>>> bg = BaseGeometry()
>>> bg.integer_validator("orange", -20)
Traceback (most recent call last):
ValueError: orange must be greater than 0

>>> bg.integer_validator("age", 0)
Traceback (most recent call last):
ValueError: age must be greater than 0

>>> bg.integer_validator("width", 5)

>>> bg.integer_validator("height", 90)

>>> bg.integer_validator("Okay", 1)

>>> print(bg.area())
Traceback (most recent call last):
Exception: area() is not implemented

>>> bg.integer_validator('test', (3,))
Traceback (most recent call last):
TypeError: test must be an integer

>>> bg.integer_validator('test', [1])
Traceback (most recent call last):
TypeError: test must be an integer

>>> bg.integer_validator('test', {6, 2})
Traceback (most recent call last):
TypeError: test must be an integer

>>> bg.integer_validator('test', '6')
Traceback (most recent call last):
TypeError: test must be an integer

>>> bg.integer_validator('test', -6)
Traceback (most recent call last):
ValueError: test must be greater than 0

>>> bg.integer_validator('test', 0)
Traceback (most recent call last):
ValueError: test must be greater than 0

>>> bg.integer_validator(100)
Traceback (most recent call last):
TypeError: integer_validator() missing 1 required positional argument: 'value'

>>> bg.integer_validator('test')
Traceback (most recent call last):
TypeError: integer_validator() missing 1 required positional argument: 'value'

>>> bg.integer_validator('test', None)
Traceback (most recent call last):
TypeError: test must be an integer

>>> bg.integer_validator("age", True)
Traceback (most recent call last):
TypeError: age must be an integer

>>> bg.integer_validator()
Traceback (most recent call last):
TypeError: integer_validator() missing 2 required positional arguments: 'name' and 'value'

>>> bg.integer_validator([40, 'this'])
Traceback (most recent call last):
TypeError: integer_validator() missing 1 required positional argument: 'value'
